// Vitest Snapshot v1, https://vitest.dev/guide/snapshot.html

exports[`storage action contract > matches the storage action contract snapshot 1`] = `
[
  {
    "action": "addXP",
    "alias": "addXP",
    "domain": "learning",
    "requiresDestructiveAdminFlag": false,
    "roles": null,
  },
  {
    "action": "batchImportWords",
    "alias": "batchImportWords",
    "domain": "catalog",
    "requiresDestructiveAdminFlag": false,
    "roles": null,
  },
  {
    "action": "getBooks",
    "alias": "getBooks",
    "domain": "catalog",
    "requiresDestructiveAdminFlag": false,
    "roles": null,
  },
  {
    "action": "deleteBook",
    "alias": "deleteBook",
    "domain": "catalog",
    "requiresDestructiveAdminFlag": false,
    "roles": null,
  },
  {
    "action": "getWordsByBook",
    "alias": "getWordsByBook",
    "domain": "catalog",
    "requiresDestructiveAdminFlag": false,
    "roles": null,
  },
  {
    "action": "updateWord",
    "alias": "updateWord",
    "domain": "catalog",
    "requiresDestructiveAdminFlag": false,
    "roles": null,
  },
  {
    "action": "reportWord",
    "alias": "reportWord",
    "domain": "catalog",
    "requiresDestructiveAdminFlag": false,
    "roles": null,
  },
  {
    "action": "updateWordCache",
    "alias": "updateWordCache",
    "domain": "catalog",
    "requiresDestructiveAdminFlag": false,
    "roles": null,
  },
  {
    "action": "getDailySessionWords",
    "alias": "getDailySessionWords",
    "domain": "catalog",
    "requiresDestructiveAdminFlag": false,
    "roles": null,
  },
  {
    "action": "getBookSession",
    "alias": "getBookSession",
    "domain": "catalog",
    "requiresDestructiveAdminFlag": false,
    "roles": null,
  },
  {
    "action": "getDashboardSnapshot",
    "alias": "getDashboardSnapshot",
    "domain": "dashboard",
    "requiresDestructiveAdminFlag": false,
    "roles": null,
  },
  {
    "action": "getAdminDashboardSnapshot",
    "alias": "getAdminDashboardSnapshot",
    "domain": "dashboard",
    "requiresDestructiveAdminFlag": false,
    "roles": [
      "ADMIN",
    ],
  },
  {
    "action": "getOrganizationDashboardSnapshot",
    "alias": "getOrganizationDashboardSnapshot",
    "domain": "organization",
    "requiresDestructiveAdminFlag": false,
    "roles": [
      "ADMIN",
      "INSTRUCTOR",
    ],
  },
  {
    "action": "getOrganizationSettingsSnapshot",
    "alias": "getOrganizationSettingsSnapshot",
    "domain": "organization",
    "requiresDestructiveAdminFlag": false,
    "roles": [
      "ADMIN",
      "INSTRUCTOR",
    ],
  },
  {
    "action": "getDueCount",
    "alias": "getDueCount",
    "domain": "learning",
    "requiresDestructiveAdminFlag": false,
    "roles": null,
  },
  {
    "action": "saveSRSHistory",
    "alias": "saveSRSHistory",
    "domain": "learning",
    "requiresDestructiveAdminFlag": false,
    "roles": null,
  },
  {
    "action": "recordQuizAttempt",
    "alias": "recordQuizAttempt",
    "domain": "learning",
    "requiresDestructiveAdminFlag": false,
    "roles": null,
  },
  {
    "action": "getStudiedWordIdsByBook",
    "alias": "getStudiedWordIdsByBook",
    "domain": "learning",
    "requiresDestructiveAdminFlag": false,
    "roles": null,
  },
  {
    "action": "getBookProgress",
    "alias": "getBookProgress",
    "domain": "learning",
    "requiresDestructiveAdminFlag": false,
    "roles": null,
  },
  {
    "action": "getAllStudentsProgress",
    "alias": "getAllStudentsProgress",
    "domain": "organization",
    "requiresDestructiveAdminFlag": false,
    "roles": [
      "ADMIN",
      "INSTRUCTOR",
    ],
  },
  {
    "action": "getStudentWorksheetSnapshot",
    "alias": "getStudentWorksheetSnapshot",
    "domain": "organization",
    "requiresDestructiveAdminFlag": false,
    "roles": [
      "ADMIN",
      "INSTRUCTOR",
    ],
  },
  {
    "action": "sendInstructorNotification",
    "alias": "sendInstructorNotification",
    "domain": "organization",
    "requiresDestructiveAdminFlag": false,
    "roles": [
      "ADMIN",
      "INSTRUCTOR",
    ],
  },
  {
    "action": "resetAllData",
    "alias": "resetAllData",
    "domain": "learning",
    "requiresDestructiveAdminFlag": true,
    "roles": [
      "ADMIN",
    ],
  },
  {
    "action": "saveLearningPlan",
    "alias": "saveLearningPlan",
    "domain": "learning",
    "requiresDestructiveAdminFlag": false,
    "roles": null,
  },
  {
    "action": "getLearningPlan",
    "alias": "getLearningPlan",
    "domain": "learning",
    "requiresDestructiveAdminFlag": false,
    "roles": null,
  },
  {
    "action": "saveLearningPreference",
    "alias": "saveLearningPreference",
    "domain": "learning",
    "requiresDestructiveAdminFlag": false,
    "roles": null,
  },
  {
    "action": "getLearningPreference",
    "alias": "getLearningPreference",
    "domain": "learning",
    "requiresDestructiveAdminFlag": false,
    "roles": null,
  },
  {
    "action": "assignStudentInstructor",
    "alias": "assignStudentInstructor",
    "domain": "organization",
    "requiresDestructiveAdminFlag": false,
    "roles": [
      "ADMIN",
      "INSTRUCTOR",
    ],
  },
  {
    "action": "createWeeklyMission",
    "alias": "createWeeklyMission",
    "domain": "missions",
    "requiresDestructiveAdminFlag": false,
    "roles": [
      "ADMIN",
      "INSTRUCTOR",
    ],
  },
  {
    "action": "assignWeeklyMission",
    "alias": "assignWeeklyMission",
    "domain": "missions",
    "requiresDestructiveAdminFlag": false,
    "roles": [
      "ADMIN",
      "INSTRUCTOR",
    ],
  },
  {
    "action": "getWeeklyMissionBoard",
    "alias": "getWeeklyMissionBoard",
    "domain": "missions",
    "requiresDestructiveAdminFlag": false,
    "roles": [
      "ADMIN",
      "INSTRUCTOR",
      "STUDENT",
    ],
  },
  {
    "action": "updateMissionProgress",
    "alias": "updateMissionProgress",
    "domain": "missions",
    "requiresDestructiveAdminFlag": false,
    "roles": [
      "ADMIN",
      "INSTRUCTOR",
      "STUDENT",
    ],
  },
  {
    "action": "updateOrganizationProfile",
    "alias": "updateOrganizationProfile",
    "domain": "organization",
    "requiresDestructiveAdminFlag": false,
    "roles": [
      "ADMIN",
      "INSTRUCTOR",
    ],
  },
  {
    "action": "upsertOrganizationCohort",
    "alias": "upsertOrganizationCohort",
    "domain": "organization",
    "requiresDestructiveAdminFlag": false,
    "roles": [
      "ADMIN",
      "INSTRUCTOR",
    ],
  },
  {
    "action": "setStudentCohort",
    "alias": "setStudentCohort",
    "domain": "organization",
    "requiresDestructiveAdminFlag": false,
    "roles": [
      "ADMIN",
      "INSTRUCTOR",
    ],
  },
  {
    "action": "setInstructorCohorts",
    "alias": "setInstructorCohorts",
    "domain": "organization",
    "requiresDestructiveAdminFlag": false,
    "roles": [
      "ADMIN",
      "INSTRUCTOR",
    ],
  },
  {
    "action": "getLeaderboard",
    "alias": "getLeaderboard",
    "domain": "dashboard",
    "requiresDestructiveAdminFlag": false,
    "roles": null,
  },
  {
    "action": "getMasteryDistribution",
    "alias": "getMasteryDistribution",
    "domain": "dashboard",
    "requiresDestructiveAdminFlag": false,
    "roles": null,
  },
  {
    "action": "getActivityLogs",
    "alias": "getActivityLogs",
    "domain": "learning",
    "requiresDestructiveAdminFlag": false,
    "roles": null,
  },
  {
    "action": "getCommercialRequestStatus",
    "alias": "getCommercialRequestStatus",
    "domain": "commercial",
    "requiresDestructiveAdminFlag": false,
    "roles": null,
  },
  {
    "action": "submitCommercialRequest",
    "alias": "submitCommercialRequest",
    "domain": "commercial",
    "requiresDestructiveAdminFlag": false,
    "roles": null,
  },
  {
    "action": "listProductAnnouncements",
    "alias": "listProductAnnouncements",
    "domain": "announcements",
    "requiresDestructiveAdminFlag": false,
    "roles": null,
  },
  {
    "action": "markAnnouncementSeen",
    "alias": "markAnnouncementSeen",
    "domain": "announcements",
    "requiresDestructiveAdminFlag": false,
    "roles": null,
  },
  {
    "action": "acknowledgeAnnouncement",
    "alias": "acknowledgeAnnouncement",
    "domain": "announcements",
    "requiresDestructiveAdminFlag": false,
    "roles": null,
  },
  {
    "action": "listCommercialRequests",
    "alias": "listCommercialRequests",
    "domain": "commercial",
    "requiresDestructiveAdminFlag": false,
    "roles": [
      "ADMIN",
    ],
  },
  {
    "action": "updateCommercialRequest",
    "alias": "updateCommercialRequest",
    "domain": "commercial",
    "requiresDestructiveAdminFlag": false,
    "roles": [
      "ADMIN",
    ],
  },
  {
    "action": "listProductAnnouncementsAdmin",
    "alias": "listProductAnnouncementsAdmin",
    "domain": "announcements",
    "requiresDestructiveAdminFlag": false,
    "roles": [
      "ADMIN",
    ],
  },
  {
    "action": "upsertProductAnnouncement",
    "alias": "upsertProductAnnouncement",
    "domain": "announcements",
    "requiresDestructiveAdminFlag": false,
    "roles": [
      "ADMIN",
    ],
  },
]
`;
